2026-04-08 00:24:16, MOVE, v:1, k:ed@fib2, mode:DOWN
2026-04-08 00:30:27, MOVE, v:1, k:ed@fib2, mode:PICK
2026-04-08 00:30:32, EXEC, v:1, k:ed@fib2, mode:FULL, rate:7, size:21
2026-04-08 00:38:27, EXEC, v:1, k:ed@fib2, mode:FULL, rate:5, size:14
2026-04-08 00:38:53, EXEC, v:1, k:ed@fib2, mode:FULL, rate:5, size:14
2026-04-08 00:39:10, EXEC, v:1, k:ed@fib2, mode:FULL, rate:5, size:14
2026-04-08 00:40:16, EXEC, v:1, k:ed@fib2, mode:FULL, rate:2, size:14
2026-04-08 00:40:37, EXEC, v:1, k:ed@fib2, mode:FULL, rate:5, size:14
2026-04-08 00:44:44, EXEC, v:1, k:ed@fib2, mode:FULL, rate:5, size:16
2026-04-08 00:45:27, EXEC, v:1, k:ed@fib2, mode:FULL, rate:5, size:14
2026-04-08 00:48:00, EXEC, v:1, k:ed@fib2, mode:FULL, rate:5, size:14
2026-04-08 00:50:39, EXEC, v:1, k:ed@fib2, mode:FULL, rate:7, size:14
2026-04-08 00:52:31, EXEC, v:1, k:ed@fib2, mode:FULL, rate:5, size:15
2026-04-08 02:12:13, MOVE, v:1, k:ed@santo, mode:DOWN
2026-04-08 02:12:16, MOVE, v:1, k:ed@fib2, mode:PICK
2026-04-08 02:12:21, EXEC, v:1, k:ed@fib2, mode:FULL, rate:5, size:15
2026-04-08 02:12:44, EXEC, v:1, k:ed@fib2, mode:FULL, rate:5, size:15
2026-04-08 02:15:24, EXEC, v:1, k:ed@fib2, mode:FULL, rate:5, size:14
2026-04-08 02:16:35, EXEC, v:1, k:ed@fib2, mode:FULL, rate:95, size:17
2026-04-08 02:17:15, EXEC, v:1, k:ed@fib2, mode:FULL, rate:95, size:16
2026-04-08 02:19:21, EXEC, v:1, k:ed@fib2, mode:FULL, rate:95, size:18
2026-04-08 02:21:13, EXEC, v:1, k:ed@fib2, mode:FULL, rate:10, size:18
2026-04-08 02:25:23, EXEC, v:1, k:ed@fib2, mode:FULL, rate:95, size:18
2026-04-08 02:31:34, EXEC, v:1, k:ed@fib2, mode:FULL, rate:100, size:25
2026-04-08 02:31:59, MOVE, v:1, k:ed@fib2, mode:BACK
2026-04-08 02:33:05, SELF, v:1, k:ed@fib2, self:1, rate:100, study:47, friend:Ana Vitoria
2026-04-08 13:23:24, EXEC, v:1, k:ed@fractais_png, mode:FREE, size:139
2026-04-08 13:27:58, EXEC, v:1, k:ed@fractais_png, mode:FREE
2026-04-08 13:58:00, MOVE, v:1, k:ed@fractais_png, mode:PICK
2026-04-08 13:58:01, EXEC, v:1, k:ed@fractais_png, mode:LOCK, rate:0, size:139
2026-04-08 14:04:53, EXEC, v:1, k:ed@fractais_png, mode:LOCK, rate:0, size:140
2026-04-08 14:06:04, EXEC, v:1, k:ed@fractais_png, mode:LOCK, rate:0, size:140
2026-04-08 14:06:08, EXEC, v:1, k:ed@fractais_png, mode:LOCK, rate:0
2026-04-08 14:06:09, EXEC, v:1, k:ed@fractais_png, mode:LOCK, rate:0
2026-04-08 14:06:10, EXEC, v:1, k:ed@fractais_png, mode:LOCK, rate:0
2026-04-08 14:06:33, EXEC, v:1, k:ed@fractais_png, mode:LOCK, rate:0, size:140
2026-04-08 14:07:12, EXEC, v:1, k:ed@fractais_png, mode:LOCK, rate:0, size:142
2026-04-08 14:07:53, EXEC, v:1, k:ed@fractais_png, mode:LOCK, rate:0, size:144
2026-04-08 14:08:13, EXEC, v:1, k:ed@fractais_png, mode:LOCK, rate:0, size:144
2026-04-08 14:10:09, EXEC, v:1, k:ed@fractais_png, mode:LOCK, rate:0, size:142
2026-04-08 14:11:02, EXEC, v:1, k:ed@fractais_png, mode:LOCK, rate:0, size:142
2026-04-08 14:11:34, EXEC, v:1, k:ed@fractais_png, mode:LOCK, rate:0, size:142
2026-04-08 14:13:07, EXEC, v:1, k:ed@fractais_png, mode:LOCK, rate:0, size:142
2026-04-08 14:14:43, EXEC, v:1, k:ed@fractais_png, mode:LOCK, rate:0, size:142
2026-04-08 14:14:59, EXEC, v:1, k:ed@fractais_png, mode:LOCK, rate:0, size:142
2026-04-08 14:15:10, EXEC, v:1, k:ed@fractais_png, mode:LOCK, rate:0, size:142
2026-04-08 14:15:57, EXEC, v:1, k:ed@fractais_png, mode:LOCK, rate:0, size:143
2026-04-08 14:16:47, EXEC, v:1, k:ed@fractais_png, mode:LOCK, rate:0, size:143
2026-04-08 14:16:59, EXEC, v:1, k:ed@fractais_png, mode:LOCK, rate:0, size:143
2026-04-08 14:19:01, EXEC, v:1, k:ed@fractais_png, mode:FULL, size:145, fail:COMP
2026-04-08 14:19:02, EXEC, v:1, k:ed@fractais_png, mode:FULL, fail:COMP
2026-04-08 14:19:03, EXEC, v:1, k:ed@fractais_png, mode:FULL, fail:COMP
2026-04-08 14:20:36, EXEC, v:1, k:ed@fractais_png, mode:FULL, size:145, fail:COMP
2026-04-08 14:20:38, EXEC, v:1, k:ed@fractais_png, mode:FULL, fail:COMP
2026-04-08 14:20:38, EXEC, v:1, k:ed@fractais_png, mode:FULL, fail:COMP
2026-04-08 14:20:39, EXEC, v:1, k:ed@fractais_png, mode:FULL, fail:COMP
2026-04-08 14:20:39, EXEC, v:1, k:ed@fractais_png, mode:FULL, fail:COMP
2026-04-08 14:20:39, EXEC, v:1, k:ed@fractais_png, mode:FULL, fail:COMP
2026-04-08 14:20:39, EXEC, v:1, k:ed@fractais_png, mode:FULL, fail:COMP
2026-04-08 14:20:49, EXEC, v:1, k:ed@fractais_png, mode:LOCK, rate:0, size:145
2026-04-08 14:24:02, EXEC, v:1, k:ed@fractais_png, mode:LOCK, rate:0, size:147
2026-04-08 14:24:38, EXEC, v:1, k:ed@fractais_png, mode:LOCK, rate:0, size:147
2026-04-08 14:24:53, EXEC, v:1, k:ed@fractais_png, mode:LOCK, rate:0, size:147
2026-04-08 14:25:25, EXEC, v:1, k:ed@fractais_png, mode:LOCK, rate:0, size:149
2026-04-08 14:25:42, EXEC, v:1, k:ed@fractais_png, mode:LOCK, rate:0, size:149
2026-04-08 14:26:54, EXEC, v:1, k:ed@fractais_png, mode:LOCK, rate:0, size:150
2026-04-08 14:27:42, EXEC, v:1, k:ed@fractais_png, mode:LOCK, rate:0, size:149
2026-04-08 14:28:02, EXEC, v:1, k:ed@fractais_png, mode:LOCK, rate:0, size:149
2026-04-08 14:28:14, EXEC, v:1, k:ed@fractais_png, mode:LOCK, rate:0, size:149
2026-04-08 14:35:25, EXEC, v:1, k:ed@fractais_png, mode:LOCK, rate:0, size:150
2026-04-08 14:36:55, EXEC, v:1, k:ed@fractais_png, mode:LOCK, rate:0, size:152
2026-04-08 14:37:13, EXEC, v:1, k:ed@fractais_png, mode:LOCK, rate:0, size:152
2026-04-08 14:44:54, EXEC, v:1, k:ed@fractais_png, mode:FULL, size:153, fail:COMP
2026-04-08 14:44:55, EXEC, v:1, k:ed@fractais_png, mode:FULL, fail:COMP
2026-04-08 14:44:55, EXEC, v:1, k:ed@fractais_png, mode:FULL, fail:COMP
